﻿
> portfolio@0.0.0 build
> vite build

[36mvite v7.3.1 [32mbuilding client environment for production...[36m[39m
transforming...
[32mΓ£ô[39m 1100 modules transformed.
node.exe : 
[31mΓ£ù[39m Build 
failed in 3.15s
At C:\Program Files\nod
ejs\npm.ps1:29 char:3
+   & $NODE_EXE 
$NPM_CLI_JS $args
+   ~~~~~~~~~~~~~~~~~~~
~~~~~~~~~~
    + CategoryInfo     
         : NotSpecifi  
  ed: ([31mΓ£ù[39m   
  Build failed in 3    
.15s:String) [], R    
emoteException
    + FullyQualifiedEr 
   rorId : NativeComm  
  andError
 
[31merror during 
build:
[31m[vite:css] 
[postcss] C:/Users/shah
a/OneDrive/Desktop/port
folio/src/index.css:87:
3: The `shadow-[0_0_20p
x_rgba(59,` class does 
not exist. If `shadow-[
0_0_20px_rgba(59,` is 
a custom class, make 
sure it is defined 
within a `@layer` 
directive.[31m
file: [36mC:/Users/sha
ha/OneDrive/Desktop/por
tfolio/src/index.css:87
:2[31m
    at Input.error (C:\
Users\shaha\OneDrive\De
sktop\portfolio\node_mo
dules\postcss\lib\input
.js:135:16)
    at AtRule.error (C:
\Users\shaha\OneDrive\D
esktop\portfolio\node_m
odules\postcss\lib\node
.js:146:32)
    at processApply (C:
\Users\shaha\OneDrive\D
esktop\portfolio\node_m
odules\tailwindcss\lib\
lib\expandApplyAtRules.
js:380:29)
    at C:\Users\shaha\O
neDrive\Desktop\portfol
io\node_modules\tailwin
dcss\lib\lib\expandAppl
yAtRules.js:551:9
    at C:\Users\shaha\O
neDrive\Desktop\portfol
io\node_modules\tailwin
dcss\lib\processTailwin
dFeatures.js:55:50
    at async plugins (C
:\Users\shaha\OneDrive\
Desktop\portfolio\node_
modules\tailwindcss\lib
\plugin.js:38:17)
    at async 
LazyResult.runAsync (C:
\Users\shaha\OneDrive\D
esktop\portfolio\node_m
odules\postcss\lib\lazy
-result.js:293:11)
    at async 
runPostCSS (file:///C:/
Users/shaha/OneDrive/De
sktop/portfolio/node_mo
dules/vite/dist/node/ch
unks/config.js:30145:19
)
    at async 
compilePostCSS (file://
/C:/Users/shaha/OneDriv
e/Desktop/portfolio/nod
e_modules/vite/dist/nod
e/chunks/config.js:3012
9:6)
    at async 
compileCSS (file:///C:/
Users/shaha/OneDrive/De
sktop/portfolio/node_mo
dules/vite/dist/node/ch
unks/config.js:30059:26
)[39m
